<html>
<body>
<pre>
<h1>µVision Build Log</h1>
<h2>Project:</h2>
C:\Users\student\Desktop\Zon\CwLabCpp\Current\zon.uvproj
Project File Date:  03/12/2025

<h2>Output:</h2>
Build target 'Target 1'
compiling main.c...
linking...
Program Size: Code=792 RO-data=16 RW-data=0 ZI-data=1256  
FromELF: creating hex file...
".\zon.axf" - 0 Errors, 0 Warning(s).
Rebuild target 'Target 1'
assembling Startup.s...
compiling main.c...
linking...
Program Size: Code=792 RO-data=16 RW-data=0 ZI-data=1256  
FromELF: creating hex file...
".\zon.axf" - 0 Errors, 0 Warning(s).
Build target 'Target 1'
compiling main.c...
linking...
Program Size: Code=808 RO-data=16 RW-data=0 ZI-data=1256  
FromELF: creating hex file...
".\zon.axf" - 0 Errors, 0 Warning(s).
Build target 'Target 1'
compiling main.c...
linking...
Program Size: Code=884 RO-data=16 RW-data=0 ZI-data=1256  
FromELF: creating hex file...
".\zon.axf" - 0 Errors, 0 Warning(s).
Build target 'Target 1'
compiling main.c...
linking...
Program Size: Code=884 RO-data=16 RW-data=0 ZI-data=1256  
FromELF: creating hex file...
".\zon.axf" - 0 Errors, 0 Warning(s).
Rebuild target 'Target 1'
assembling Startup.s...
compiling main.c...
linking...
Program Size: Code=884 RO-data=16 RW-data=0 ZI-data=1256  
FromELF: creating hex file...
".\zon.axf" - 0 Errors, 0 Warning(s).
Rebuild target 'Target 1'
assembling Startup.s...
compiling main.c...
linking...
Program Size: Code=884 RO-data=16 RW-data=0 ZI-data=1256  
FromELF: creating hex file...
".\zon.axf" - 0 Errors, 0 Warning(s).
Build target 'Target 1'
compiling main.c...
linking...
Program Size: Code=884 RO-data=16 RW-data=0 ZI-data=1256  
FromELF: creating hex file...
".\zon.axf" - 0 Errors, 0 Warning(s).
Rebuild target 'Target 1'
assembling Startup.s...
compiling main.c...
linking...
Program Size: Code=884 RO-data=16 RW-data=0 ZI-data=1256  
FromELF: creating hex file...
".\zon.axf" - 0 Errors, 0 Warning(s).
Build target 'Target 1'
compiling main.c...
linking...
Program Size: Code=908 RO-data=16 RW-data=0 ZI-data=1256  
FromELF: creating hex file...
".\zon.axf" - 0 Errors, 0 Warning(s).
Rebuild target 'Target 1'
assembling Startup.s...
compiling main.c...
linking...
Program Size: Code=908 RO-data=16 RW-data=0 ZI-data=1256  
FromELF: creating hex file...
".\zon.axf" - 0 Errors, 0 Warning(s).
Rebuild target 'Target 1'
assembling Startup.s...
compiling main.c...
linking...
Program Size: Code=940 RO-data=16 RW-data=0 ZI-data=1256  
FromELF: creating hex file...
".\zon.axf" - 0 Errors, 0 Warning(s).
