<html>
<body>
<pre>
<h1>µVision Build Log</h1>
<h2>Project:</h2>
C:\Users\student\Desktop\Zon\CwLabCpp\Current\zon.uvproj
Project File Date:  03/07/2025

<h2>Output:</h2>
Build target 'Target 1'
compiling main.c...
linking...
Program Size: Code=1440 RO-data=32 RW-data=8 ZI-data=1256  
".\zon.axf" - 0 Errors, 0 Warning(s).
Build target 'Target 1'
compiling main.c...
linking...
Program Size: Code=604 RO-data=32 RW-data=8 ZI-data=1256  
".\zon.axf" - 0 Errors, 0 Warning(s).
Build target 'Target 1'
compiling main.c...
main.c(8): error:  #29: expected an expression
main.c(8): error:  #20: identifier "uiLoopCounter" is undefined
".\zon.axf" - 2 Errors, 0 Warning(s).
Target not created
Build target 'Target 1'
compiling main.c...
main.c(8): error:  #29: expected an expression
main.c(8): error:  #20: identifier "uiLoopCounter" is undefined
".\zon.axf" - 2 Errors, 0 Warning(s).
Target not created
compiling main.c...
"main.c" - 0 Errors, 0 Warning(s).
Build target 'Target 1'
linking...
Program Size: Code=548 RO-data=16 RW-data=0 ZI-data=1256  
".\zon.axf" - 0 Errors, 0 Warning(s).
Build target 'Target 1'
compiling main.c...
linking...
Program Size: Code=548 RO-data=16 RW-data=0 ZI-data=1256  
".\zon.axf" - 0 Errors, 0 Warning(s).
Build target 'Target 1'
compiling main.c...
linking...
Program Size: Code=552 RO-data=16 RW-data=0 ZI-data=1256  
".\zon.axf" - 0 Errors, 0 Warning(s).
Build target 'Target 1'
compiling main.c...
linking...
Program Size: Code=552 RO-data=16 RW-data=0 ZI-data=1256  
".\zon.axf" - 0 Errors, 0 Warning(s).
Build target 'Target 1'
linking...
Program Size: Code=552 RO-data=16 RW-data=0 ZI-data=1256  
".\zon.axf" - 0 Errors, 0 Warning(s).
Build target 'Target 1'
compiling main.c...
linking...
Program Size: Code=520 RO-data=16 RW-data=0 ZI-data=1256  
".\zon.axf" - 0 Errors, 0 Warning(s).
Build target 'Target 1'
compiling main.c...
linking...
Program Size: Code=520 RO-data=16 RW-data=0 ZI-data=1256  
".\zon.axf" - 0 Errors, 0 Warning(s).
Load "C:\\Users\\student\\Desktop\\Zon\\CwLabCpp\\Current\\zon.axf" 
Internal DLL Error
Build target 'Target 1'
compiling main.c...
linking...
Program Size: Code=520 RO-data=16 RW-data=0 ZI-data=1256  
FromELF: creating hex file...
".\zon.axf" - 0 Errors, 0 Warning(s).
Build target 'Target 1'
compiling main.c...
linking...
Program Size: Code=792 RO-data=16 RW-data=0 ZI-data=1256  
FromELF: creating hex file...
".\zon.axf" - 0 Errors, 0 Warning(s).
Rebuild target 'Target 1'
assembling Startup.s...
compiling main.c...
linking...
Program Size: Code=792 RO-data=16 RW-data=0 ZI-data=1256  
FromELF: creating hex file...
".\zon.axf" - 0 Errors, 0 Warning(s).
Build target 'Target 1'
linking...
Program Size: Code=792 RO-data=16 RW-data=0 ZI-data=1256  
FromELF: creating hex file...
".\zon.axf" - 0 Errors, 0 Warning(s).
Build target 'Target 1'
linking...
Program Size: Code=792 RO-data=16 RW-data=0 ZI-data=1256  
FromELF: creating hex file...
".\zon.axf" - 0 Errors, 0 Warning(s).
Build target 'Target 1'
compiling main.c...
linking...
Program Size: Code=792 RO-data=16 RW-data=0 ZI-data=1256  
FromELF: creating hex file...
".\zon.axf" - 0 Errors, 0 Warning(s).
Rebuild target 'Target 1'
assembling Startup.s...
compiling main.c...
linking...
Program Size: Code=792 RO-data=16 RW-data=0 ZI-data=1256  
FromELF: creating hex file...
".\zon.axf" - 0 Errors, 0 Warning(s).
Build target 'Target 1'
linking...
Program Size: Code=792 RO-data=16 RW-data=0 ZI-data=1256  
FromELF: creating hex file...
".\zon.axf" - 0 Errors, 0 Warning(s).
Build target 'Target 1'
compiling main.c...
linking...
Program Size: Code=792 RO-data=16 RW-data=0 ZI-data=1256  
FromELF: creating hex file...
".\zon.axf" - 0 Errors, 0 Warning(s).
Rebuild target 'Target 1'
assembling Startup.s...
compiling main.c...
linking...
Program Size: Code=792 RO-data=16 RW-data=0 ZI-data=1256  
FromELF: creating hex file...
".\zon.axf" - 0 Errors, 0 Warning(s).
