<html>
<body>
<pre>
<h1>µVision Build Log</h1>
<h2>Project:</h2>
C:\Users\student\Desktop\ZonTEST\TEST.uvproj
Project File Date:  03/05/2025

<h2>Output:</h2>
Build target 'Target 1'
assembling Startup.s...
compiling main.c...
main.c(7): error:  #65: expected a ";"
main.c(13): warning:  #1-D: last line of file ends without a newline
".\TEST.axf" - 1 Errors, 1 Warning(s).
Target not created
Build target 'Target 1'
compiling main.c...
main.c(13): warning:  #1-D: last line of file ends without a newline
linking...
Program Size: Code=856 RO-data=32 RW-data=12 ZI-data=1260  
FromELF: creating hex file...
".\TEST.axf" - 0 Errors, 1 Warning(s).
Build target 'Target 1'
compiling main.c...
linking...
Program Size: Code=856 RO-data=32 RW-data=12 ZI-data=1260  
FromELF: creating hex file...
".\TEST.axf" - 0 Errors, 0 Warning(s).
Build target 'Target 1'
compiling main.c...
main.c(3): error:  #11-D: unrecognized preprocessing directive
main.c(6): error:  #20: identifier "INT" is undefined
".\TEST.axf" - 2 Errors, 0 Warning(s).
Target not created
