<html>
<body>
<pre>
<h1>µVision Build Log</h1>
<h2>Project:</h2>
C:\DATA\studia\code\sem2\PPSW\CwLabCpp\Current\zon.uvproj
Project File Date:  05/20/2025

<h2>Output:</h2>
Build target 'Target 1'
compiling main.c...
timer_interrupts.h(3): warning:  #1-D: last line of file ends without a newline
compiling timer_interrupts.c...
timer_interrupts.h(3): warning:  #1-D: last line of file ends without a newline
timer_interrupts.c(47): warning:  #1-D: last line of file ends without a newline
linking...
.\zon.axf: Error: L6200E: Symbol ptrTimer0InterruptFunction multiply defined (by timer_interrupts.o and main.o).
".\zon.axf" - 1 Errors, 3 Warning(s).
Target not created
Build target 'Target 1'
compiling main.c...
compiling timer_interrupts.c...
timer_interrupts.c(47): warning:  #1-D: last line of file ends without a newline
linking...
.\zon.axf: Error: L6200E: Symbol ptrTimer0InterruptFunction multiply defined (by timer_interrupts.o and main.o).
".\zon.axf" - 1 Errors, 1 Warning(s).
Target not created
Build target 'Target 1'
compiling timer_interrupts.c...
linking...
.\zon.axf: Error: L6200E: Symbol ptrTimer0InterruptFunction multiply defined (by timer_interrupts.o and main.o).
".\zon.axf" - 1 Errors, 0 Warning(s).
Target not created
Build target 'Target 1'
compiling main.c...
linking...
.\zon.axf: Error: L6200E: Symbol ptrTimer0InterruptFunction multiply defined (by timer_interrupts.o and main.o).
".\zon.axf" - 1 Errors, 0 Warning(s).
Target not created
Rebuild target 'Target 1'
assembling Startup.s...
compiling main.c...
compiling led.c...
compiling keyboard.c...
compiling timer.c...
compiling timer_interrupts.c...
linking...
Program Size: Code=1212 RO-data=32 RW-data=8 ZI-data=1256  
FromELF: creating hex file...
".\zon.axf" - 0 Errors, 0 Warning(s).
Build target 'Target 1'
linking...
Program Size: Code=1212 RO-data=32 RW-data=8 ZI-data=1256  
FromELF: creating hex file...
".\zon.axf" - 0 Errors, 0 Warning(s).
Rebuild target 'Target 1'
assembling Startup.s...
compiling main.c...
compiling led.c...
compiling keyboard.c...
compiling timer.c...
compiling timer_interrupts.c...
linking...
Program Size: Code=1212 RO-data=32 RW-data=8 ZI-data=1256  
FromELF: creating hex file...
".\zon.axf" - 0 Errors, 0 Warning(s).
