<html>
<body>
<pre>
<h1>µVision Build Log</h1>
<h2>Project:</h2>
C:\Users\student\Desktop\Zon\Current\zon.uvproj
Project File Date:  04/09/2025

<h2>Output:</h2>
Build target 'Target 1'
compiling main.c...
linking...
Program Size: Code=1324 RO-data=32 RW-data=8 ZI-data=1256  
FromELF: creating hex file...
".\zon.axf" - 0 Errors, 0 Warning(s).
Rebuild target 'Target 1'
assembling Startup.s...
compiling main.c...
compiling led.c...
compiling keyboard.c...
linking...
Program Size: Code=1324 RO-data=32 RW-data=8 ZI-data=1256  
FromELF: creating hex file...
".\zon.axf" - 0 Errors, 0 Warning(s).
