<html>
<body>
<pre>
<h1>µVision Build Log</h1>
<h2>Project:</h2>
C:\DATA\studia\code\sem2\PPSW\CwLabCpp\Current\zon.uvproj
Project File Date:  05/20/2025

<h2>Output:</h2>
Build target 'Target 1'
assembling Startup.s...
compiling main.c...
compiling timer.c...
linking...
Program Size: Code=1188 RO-data=32 RW-data=4 ZI-data=1260  
FromELF: creating hex file...
".\zon.axf" - 0 Errors, 0 Warning(s).
Rebuild target 'Target 1'
assembling Startup.s...
compiling main.c...
compiling led.c...
compiling keyboard.c...
compiling timer.c...
linking...
Program Size: Code=1188 RO-data=32 RW-data=4 ZI-data=1260  
FromELF: creating hex file...
".\zon.axf" - 0 Errors, 0 Warning(s).
Build target 'Target 1'
compiling main.c...
main.c(27): error:  #109: expression must have (pointer-to-) function type
".\zon.axf" - 1 Errors, 0 Warning(s).
Target not created
Build target 'Target 1'
compiling main.c...
linking...
Program Size: Code=1204 RO-data=32 RW-data=8 ZI-data=1256  
FromELF: creating hex file...
".\zon.axf" - 0 Errors, 0 Warning(s).
Rebuild target 'Target 1'
assembling Startup.s...
compiling main.c...
compiling led.c...
compiling keyboard.c...
compiling timer.c...
linking...
Program Size: Code=1204 RO-data=32 RW-data=8 ZI-data=1256  
FromELF: creating hex file...
".\zon.axf" - 0 Errors, 0 Warning(s).
Build target 'Target 1'
compiling main.c...
linking...
Program Size: Code=1212 RO-data=32 RW-data=8 ZI-data=1256  
FromELF: creating hex file...
".\zon.axf" - 0 Errors, 0 Warning(s).
Rebuild target 'Target 1'
assembling Startup.s...
compiling main.c...
compiling led.c...
compiling keyboard.c...
compiling timer.c...
linking...
Program Size: Code=1212 RO-data=32 RW-data=8 ZI-data=1256  
FromELF: creating hex file...
".\zon.axf" - 0 Errors, 0 Warning(s).
Build target 'Target 1'
compiling main.c...
linking...
Program Size: Code=1212 RO-data=32 RW-data=8 ZI-data=1256  
FromELF: creating hex file...
".\zon.axf" - 0 Errors, 0 Warning(s).
Rebuild target 'Target 1'
assembling Startup.s...
compiling main.c...
compiling led.c...
compiling keyboard.c...
compiling timer.c...
linking...
Program Size: Code=1212 RO-data=32 RW-data=8 ZI-data=1256  
FromELF: creating hex file...
".\zon.axf" - 0 Errors, 0 Warning(s).
