<html>
<body>
<pre>
<h1>µVision Build Log</h1>
<h2>Project:</h2>
C:\DATA\studia\code\sem2\PPSW\CwLabCpp\Current\zon.uvproj
Project File Date:  05/20/2025

<h2>Output:</h2>
Build target 'Target 1'
compiling main.c...
main.c(42): error:  #268: declaration may not appear after executable statement in block
".\zon.axf" - 1 Errors, 0 Warning(s).
Target not created
Build target 'Target 1'
compiling main.c...
linking...
Program Size: Code=1552 RO-data=32 RW-data=12 ZI-data=1260  
FromELF: creating hex file...
".\zon.axf" - 0 Errors, 0 Warning(s).
Rebuild target 'Target 1'
assembling Startup.s...
compiling main.c...
compiling led.c...
compiling keyboard.c...
compiling timer.c...
compiling timer_interrupts.c...
linking...
Program Size: Code=1552 RO-data=32 RW-data=12 ZI-data=1260  
FromELF: creating hex file...
".\zon.axf" - 0 Errors, 0 Warning(s).
