<html>
<body>
<pre>
<h1>µVision Build Log</h1>
<h2>Project:</h2>
C:\Users\student\Desktop\Zon\Current\zon.uvproj
Project File Date:  03/05/2025

<h2>Output:</h2>
Build target 'Target 1'
assembling Startup.s...
compiling main.c...
linking...
Program Size: Code=448 RO-data=16 RW-data=0 ZI-data=1256  
".\zon.axf" - 0 Errors, 0 Warning(s).
Build target 'Target 1'
compiling main.c...
linking...
Program Size: Code=444 RO-data=16 RW-data=0 ZI-data=1256  
".\zon.axf" - 0 Errors, 0 Warning(s).
Build target 'Target 1'
compiling main.c...
linking...
Program Size: Code=460 RO-data=16 RW-data=0 ZI-data=1256  
".\zon.axf" - 0 Errors, 0 Warning(s).
Build target 'Target 1'
compiling main.c...
main.c(15): warning:  #223-D: function "Delay" declared implicitly
main.c(21): error:  #159: declaration is incompatible with previous "Delay" (declared at line 15)
main.c(27): warning:  #1-D: last line of file ends without a newline
".\zon.axf" - 1 Errors, 2 Warning(s).
Target not created
Build target 'Target 1'
compiling main.c...
linking...
Program Size: Code=572 RO-data=32 RW-data=4 ZI-data=1260  
".\zon.axf" - 0 Errors, 0 Warning(s).
Rebuild target 'Target 1'
assembling Startup.s...
compiling main.c...
linking...
Program Size: Code=572 RO-data=32 RW-data=4 ZI-data=1260  
".\zon.axf" - 0 Errors, 0 Warning(s).
Build target 'Target 1'
compiling main.c...
linking...
Program Size: Code=572 RO-data=32 RW-data=4 ZI-data=1260  
".\zon.axf" - 0 Errors, 0 Warning(s).
Build target 'Target 1'
compiling main.c...
linking...
Program Size: Code=580 RO-data=32 RW-data=4 ZI-data=1260  
".\zon.axf" - 0 Errors, 0 Warning(s).
Build target 'Target 1'
compiling main.c...
linking...
Program Size: Code=580 RO-data=32 RW-data=4 ZI-data=1260  
".\zon.axf" - 0 Errors, 0 Warning(s).
